// Jest Snapshot v1, https://goo.gl/fbAQLP

exports[`renders correctly 1`] = `
Object {
  "asFragment": [Function],
  "baseElement": <body>
    <div>
      <div
        class="flex min-h-full items-center justify-center py-12 px-4 sm:px-6 lg:px-8"
      >
        <div
          class="w-full max-w-md space-y-8"
        >
          <div>
            <img
              alt="Employee Polls"
              class="mx-auto h-14 w-auto rounded"
              src="/logo512.png"
            />
            <h2
              class="mt-6 text-center text-3xl font-bold tracking-tight text-gray-900"
            >
              Failed to find anything...
            </h2>
          </div>
          <div
            class="text-center"
          >
            <a
              class="link-primary"
              href="/"
            >
              Sign in to your account
            </a>
          </div>
        </div>
      </div>
    </div>
  </body>,
  "container": <div>
    <div
      class="flex min-h-full items-center justify-center py-12 px-4 sm:px-6 lg:px-8"
    >
      <div
        class="w-full max-w-md space-y-8"
      >
        <div>
          <img
            alt="Employee Polls"
            class="mx-auto h-14 w-auto rounded"
            src="/logo512.png"
          />
          <h2
            class="mt-6 text-center text-3xl font-bold tracking-tight text-gray-900"
          >
            Failed to find anything...
          </h2>
        </div>
        <div
          class="text-center"
        >
          <a
            class="link-primary"
            href="/"
          >
            Sign in to your account
          </a>
        </div>
      </div>
    </div>
  </div>,
  "debug": [Function],
  "findAllByAltText": [Function],
  "findAllByDisplayValue": [Function],
  "findAllByLabelText": [Function],
  "findAllByPlaceholderText": [Function],
  "findAllByRole": [Function],
  "findAllByTestId": [Function],
  "findAllByText": [Function],
  "findAllByTitle": [Function],
  "findByAltText": [Function],
  "findByDisplayValue": [Function],
  "findByLabelText": [Function],
  "findByPlaceholderText": [Function],
  "findByRole": [Function],
  "findByTestId": [Function],
  "findByText": [Function],
  "findByTitle": [Function],
  "getAllByAltText": [Function],
  "getAllByDisplayValue": [Function],
  "getAllByLabelText": [Function],
  "getAllByPlaceholderText": [Function],
  "getAllByRole": [Function],
  "getAllByTestId": [Function],
  "getAllByText": [Function],
  "getAllByTitle": [Function],
  "getByAltText": [Function],
  "getByDisplayValue": [Function],
  "getByLabelText": [Function],
  "getByPlaceholderText": [Function],
  "getByRole": [Function],
  "getByTestId": [Function],
  "getByText": [Function],
  "getByTitle": [Function],
  "queryAllByAltText": [Function],
  "queryAllByDisplayValue": [Function],
  "queryAllByLabelText": [Function],
  "queryAllByPlaceholderText": [Function],
  "queryAllByRole": [Function],
  "queryAllByTestId": [Function],
  "queryAllByText": [Function],
  "queryAllByTitle": [Function],
  "queryByAltText": [Function],
  "queryByDisplayValue": [Function],
  "queryByLabelText": [Function],
  "queryByPlaceholderText": [Function],
  "queryByRole": [Function],
  "queryByTestId": [Function],
  "queryByText": [Function],
  "queryByTitle": [Function],
  "rerender": [Function],
  "store": Object {
    "@@observable": [Function],
    "dispatch": [Function],
    "getState": [Function],
    "replaceReducer": [Function],
    "subscribe": [Function],
  },
  "unmount": [Function],
}
`;
